#-----------------------------------------------------------
# Vivado v2025.1 (64-bit)
# SW Build 6140274 on Thu May 22 00:12:29 MDT 2025
# IP Build 6138677 on Thu May 22 03:10:11 MDT 2025
# SharedData Build 6139179 on Tue May 20 17:58:58 MDT 2025
# Start of session at: Sun Dec  7 10:04:44 2025
# Process ID         : 13972
# Current directory  : E:/Github/ZyboZ6-Analog-Joystick
# Command line       : vivado.exe -gui_launcher_event rodinguilauncherevent26628 E:\Github\ZyboZ6-Analog-Joystick\ZyboZ6-Analog_Joystick.xpr
# Log file           : E:/Github/ZyboZ6-Analog-Joystick/vivado.log
# Journal file       : E:/Github/ZyboZ6-Analog-Joystick\vivado.jou
# Running On         : DESKTOP-KC460KK
# Platform           : Windows Server 2016 or Windows 10
# Operating System   : 19045
# Processor Detail   : AMD Ryzen 5 3600 6-Core Processor              
# CPU Frequency      : 3593 MHz
# CPU Physical cores : 6
# CPU Logical cores  : 12
# Host memory        : 17100 MB
# Swap memory        : 21474 MB
# Total Virtual      : 38575 MB
# Available Virtual  : 17394 MB
#-----------------------------------------------------------
start_gui
open_project E:/Github/ZyboZ6-Analog-Joystick/ZyboZ6-Analog_Joystick.xpr
